2026-07-30 17:40:57.327 -05:00 [DBG] Registered model binder providers, in the following order: ["Microsoft.AspNetCore.Mvc.ModelBinding.Binders.BinderTypeModelBinderProvider","Microsoft.AspNetCore.Mvc.ModelBinding.Binders.ServicesModelBinderProvider","Microsoft.AspNetCore.Mvc.ModelBinding.Binders.BodyModelBinderProvider","Microsoft.AspNetCore.Mvc.ModelBinding.Binders.HeaderModelBinderProvider","Microsoft.AspNetCore.Mvc.ModelBinding.Binders.FloatingPointTypeModelBinderProvider","Microsoft.AspNetCore.Mvc.ModelBinding.Binders.EnumTypeModelBinderProvider","Microsoft.AspNetCore.Mvc.ModelBinding.Binders.DateTimeModelBinderProvider","Microsoft.AspNetCore.Mvc.ModelBinding.Binders.SimpleTypeModelBinderProvider","Microsoft.AspNetCore.Mvc.ModelBinding.Binders.TryParseModelBinderProvider","Microsoft.AspNetCore.Mvc.ModelBinding.Binders.CancellationTokenModelBinderProvider","Microsoft.AspNetCore.Mvc.ModelBinding.Binders.ByteArrayModelBinderProvider","Microsoft.AspNetCore.Mvc.ModelBinding.Binders.FormFileModelBinderProvider","Microsoft.AspNetCore.Mvc.ModelBinding.Binders.FormCollectionModelBinderProvider","Microsoft.AspNetCore.Mvc.ModelBinding.Binders.KeyValuePairModelBinderProvider","Microsoft.AspNetCore.Mvc.ModelBinding.Binders.DictionaryModelBinderProvider","Microsoft.AspNetCore.Mvc.ModelBinding.Binders.ArrayModelBinderProvider","Microsoft.AspNetCore.Mvc.ModelBinding.Binders.CollectionModelBinderProvider","Microsoft.AspNetCore.Mvc.ModelBinding.Binders.ComplexObjectModelBinderProvider"]
2026-07-30 17:40:57.354 -05:00 [DBG] Initializing Razor view compiler with compiled view: '/Pages/Index.cshtml'.
2026-07-30 17:40:57.362 -05:00 [INF] User profile is available. Using 'C:\Users\ArcXN\AppData\Local\ASP.NET\DataProtection-Keys' as key repository and Windows DPAPI to encrypt keys at rest.
2026-07-30 17:40:57.393 -05:00 [DBG] Hosting starting
2026-07-30 17:40:57.408 -05:00 [DBG] Reading data from file 'C:\Users\ArcXN\AppData\Local\ASP.NET\DataProtection-Keys\key-a05a8dc2-9a35-47b8-9d94-c936cb910034.xml'.
2026-07-30 17:40:57.417 -05:00 [DBG] Found key {a05a8dc2-9a35-47b8-9d94-c936cb910034}.
2026-07-30 17:40:57.424 -05:00 [DBG] Considering key {a05a8dc2-9a35-47b8-9d94-c936cb910034} with expiration date 2026-08-04 04:58:08Z as default key.
2026-07-30 17:40:57.425 -05:00 [DBG] Forwarded activator type request from Microsoft.AspNetCore.DataProtection.XmlEncryption.DpapiXmlDecryptor, Microsoft.AspNetCore.DataProtection, Version=8.0.0.0, Culture=neutral, PublicKeyToken=adb9793829ddae60 to Microsoft.AspNetCore.DataProtection.XmlEncryption.DpapiXmlDecryptor, Microsoft.AspNetCore.DataProtection, Culture=neutral, PublicKeyToken=adb9793829ddae60
2026-07-30 17:40:57.425 -05:00 [DBG] Decrypting secret element using Windows DPAPI.
2026-07-30 17:40:57.426 -05:00 [DBG] Forwarded activator type request from Microsoft.AspNetCore.DataProtection.AuthenticatedEncryption.ConfigurationModel.AuthenticatedEncryptorDescriptorDeserializer, Microsoft.AspNetCore.DataProtection, Version=8.0.0.0, Culture=neutral, PublicKeyToken=adb9793829ddae60 to Microsoft.AspNetCore.DataProtection.AuthenticatedEncryption.ConfigurationModel.AuthenticatedEncryptorDescriptorDeserializer, Microsoft.AspNetCore.DataProtection, Culture=neutral, PublicKeyToken=adb9793829ddae60
2026-07-30 17:40:57.428 -05:00 [DBG] Opening CNG algorithm 'AES' from provider 'null' with chaining mode CBC.
2026-07-30 17:40:57.429 -05:00 [DBG] Opening CNG algorithm 'SHA256' from provider 'null' with HMAC.
2026-07-30 17:40:57.430 -05:00 [DBG] Using key {a05a8dc2-9a35-47b8-9d94-c936cb910034} as the default key.
2026-07-30 17:40:57.430 -05:00 [DBG] Key ring with default key {a05a8dc2-9a35-47b8-9d94-c936cb910034} was loaded during application startup.
2026-07-30 17:40:57.436 -05:00 [WRN] The WebRootPath was not found: C:\Users\ArcXN\OneDrive\Desktop\OnenessSystem\wwwroot. Static files may be unavailable.
2026-07-30 17:40:57.438 -05:00 [DBG] Heartbeat SYNAPSE
2026-07-30 17:40:57.438 -05:00 [DBG] Heartbeat TRADEWEAVER
2026-07-30 17:40:57.438 -05:00 [DBG] Heartbeat CASEBLADE
2026-07-30 17:40:57.438 -05:00 [DBG] Heartbeat PROX
2026-07-30 17:40:57.438 -05:00 [DBG] Heartbeat SENTINEL
2026-07-30 17:40:57.438 -05:00 [DBG] Heartbeat MARKETSCRYER
2026-07-30 17:40:57.438 -05:00 [DBG] Heartbeat SIGNALFORGE
2026-07-30 17:40:57.448 -05:00 [DBG] Heartbeat ORACLEVAULT
2026-07-30 17:40:57.448 -05:00 [DBG] Heartbeat RISKWARDEN
2026-07-30 17:40:57.503 -05:00 [DBG] Middleware configuration started with options: {AllowedHosts = *, AllowEmptyHosts = True, IncludeFailureMessage = True}
2026-07-30 17:40:57.503 -05:00 [DBG] Wildcard detected, all requests with hosts will be allowed.
2026-07-30 17:40:57.523 -05:00 [ERR] Hosting failed to start
System.IO.IOException: Failed to bind to address http://127.0.0.1:5050: address already in use.
 ---> Microsoft.AspNetCore.Connections.AddressInUseException: Only one usage of each socket address (protocol/network address/port) is normally permitted.
 ---> System.Net.Sockets.SocketException (10048): Only one usage of each socket address (protocol/network address/port) is normally permitted.
   at System.Net.Sockets.Socket.UpdateStatusAfterSocketErrorAndThrowException(SocketError error, Boolean disconnectOnFailure, String callerName)
   at System.Net.Sockets.Socket.DoBind(EndPoint endPointSnapshot, SocketAddress socketAddress)
   at System.Net.Sockets.Socket.Bind(EndPoint localEP)
   at Microsoft.AspNetCore.Server.Kestrel.Transport.Sockets.SocketTransportOptions.CreateDefaultBoundListenSocket(EndPoint endpoint)
   at Microsoft.AspNetCore.Server.Kestrel.Transport.Sockets.SocketConnectionListener.Bind()
   --- End of inner exception stack trace ---
   at Microsoft.AspNetCore.Server.Kestrel.Transport.Sockets.SocketConnectionListener.Bind()
   at Microsoft.AspNetCore.Server.Kestrel.Transport.Sockets.SocketTransportFactory.BindAsync(EndPoint endpoint, CancellationToken cancellationToken)
   at Microsoft.AspNetCore.Server.Kestrel.Core.Internal.Infrastructure.TransportManager.BindAsync(EndPoint endPoint, ConnectionDelegate connectionDelegate, EndpointConfig endpointConfig, CancellationToken cancellationToken)
   at Microsoft.AspNetCore.Server.Kestrel.Core.KestrelServerImpl.<>c__DisplayClass28_0`1.<<StartAsync>g__OnBind|0>d.MoveNext()
--- End of stack trace from previous location ---
   at Microsoft.AspNetCore.Server.Kestrel.Core.Internal.AddressBinder.BindEndpointAsync(ListenOptions endpoint, AddressBindContext context, CancellationToken cancellationToken)
   --- End of inner exception stack trace ---
   at Microsoft.AspNetCore.Server.Kestrel.Core.Internal.AddressBinder.BindEndpointAsync(ListenOptions endpoint, AddressBindContext context, CancellationToken cancellationToken)
   at Microsoft.AspNetCore.Server.Kestrel.Core.LocalhostListenOptions.BindAsync(AddressBindContext context, CancellationToken cancellationToken)
   at Microsoft.AspNetCore.Server.Kestrel.Core.Internal.AddressBinder.AddressesStrategy.BindAsync(AddressBindContext context, CancellationToken cancellationToken)
   at Microsoft.AspNetCore.Server.Kestrel.Core.KestrelServerImpl.BindAsync(CancellationToken cancellationToken)
   at Microsoft.AspNetCore.Server.Kestrel.Core.KestrelServerImpl.StartAsync[TContext](IHttpApplication`1 application, CancellationToken cancellationToken)
   at Microsoft.AspNetCore.Hosting.GenericWebHostService.StartAsync(CancellationToken cancellationToken)
   at Microsoft.Extensions.Hosting.Internal.Host.<StartAsync>b__14_1(IHostedService service, CancellationToken token)
   at Microsoft.Extensions.Hosting.Internal.Host.ForeachService[T](IEnumerable`1 services, CancellationToken token, Boolean concurrent, Boolean abortOnFirstException, List`1 exceptions, Func`3 operation)
2026-07-30 17:40:57.569 -05:00 [ERR] BackgroundService failed
System.Threading.Tasks.TaskCanceledException: A task was canceled.
   at Oneness.Web.Services.AgentBackgroundService.ExecuteAsync(CancellationToken stoppingToken) in C:\Users\ArcXN\OneDrive\Desktop\OnenessSystem\src\Oneness.Web\Services\AgentBackgroundService.cs:line 24
   at Microsoft.Extensions.Hosting.Internal.Host.TryExecuteBackgroundServiceAsync(BackgroundService backgroundService)
2026-07-30 17:40:57.573 -05:00 [FTL] The HostOptions.BackgroundServiceExceptionBehavior is configured to StopHost. A BackgroundService has thrown an unhandled exception, and the IHost instance is stopping. To avoid this behavior, configure this to Ignore; however the BackgroundService will not be restarted.
System.Threading.Tasks.TaskCanceledException: A task was canceled.
   at Oneness.Web.Services.AgentBackgroundService.ExecuteAsync(CancellationToken stoppingToken) in C:\Users\ArcXN\OneDrive\Desktop\OnenessSystem\src\Oneness.Web\Services\AgentBackgroundService.cs:line 24
   at Microsoft.Extensions.Hosting.Internal.Host.TryExecuteBackgroundServiceAsync(BackgroundService backgroundService)
