2026-08-10 11:41:27,772 | INFO | OPS-MIND | Operations Mind initialized. Cycles run: 0
2026-08-10 11:41:27,772 | INFO | OPS-MIND | === OPS MIND CYCLE START ===
2026-08-10 11:41:48,075 | INFO | OPS-MIND | Operations Mind initialized. Cycles run: 0
2026-08-10 11:41:48,075 | INFO | OPS-MIND | === OPS MIND CYCLE START ===
2026-08-10 11:41:50,829 | INFO | OPS-MIND | Cycle complete: 5 findings (1 critical, 2 warning, 2 info). Health: 55/100
2026-08-10 11:41:50,829 | WARNING | OPS-MIND | CRITICAL: 13 critical service(s) not running
2026-08-10 11:41:50,829 | INFO | OPS-MIND | WARNING: vmmemWSL has accumulated 92939s CPU time
2026-08-10 11:41:50,829 | INFO | OPS-MIND | WARNING: System reboot pending
2026-08-10 11:41:50,832 | INFO | OPS-MIND | Report generated: C:\Users\ArcXN\OneDrive\Desktop\OnenessSystem\memory\ops_mind\reports\report-20260810-164150.json
2026-08-10 11:41:50,836 | INFO | OPS-MIND | Remediations generated: 2 scripts
2026-08-10 11:42:03,972 | INFO | OPS-MIND | Operations Mind initialized. Cycles run: 1
2026-08-10 11:42:03,973 | INFO | OPS-MIND | === OPS MIND CYCLE START ===
2026-08-10 11:42:07,027 | INFO | OPS-MIND | Cycle complete: 5 findings (1 critical, 2 warning, 2 info). Health: 55/100
2026-08-10 11:42:07,027 | WARNING | OPS-MIND | CRITICAL: 5 critical service(s) not running
2026-08-10 11:42:07,027 | INFO | OPS-MIND | WARNING: vmmemWSL has accumulated 92990s CPU time
2026-08-10 11:42:07,027 | INFO | OPS-MIND | WARNING: System reboot pending
2026-08-10 11:42:07,031 | INFO | OPS-MIND | Report generated: C:\Users\ArcXN\OneDrive\Desktop\OnenessSystem\memory\ops_mind\reports\report-20260810-164207.json
2026-08-10 11:42:07,034 | INFO | OPS-MIND | Remediations generated: 2 scripts
2026-08-10 11:42:14,981 | INFO | OPS-MIND | Operations Mind initialized. Cycles run: 2
2026-08-10 11:42:14,982 | INFO | OPS-MIND | === OPS MIND CYCLE START ===
2026-08-10 11:42:17,948 | INFO | OPS-MIND | Cycle complete: 6 findings (1 critical, 3 warning, 2 info). Health: 42/100
2026-08-10 11:42:17,948 | WARNING | OPS-MIND | CRITICAL: 5 critical service(s) not running
2026-08-10 11:42:17,949 | INFO | OPS-MIND | WARNING: CPU high at 78.3%
2026-08-10 11:42:17,949 | INFO | OPS-MIND | WARNING: vmmemWSL has accumulated 93021s CPU time
2026-08-10 11:42:17,949 | INFO | OPS-MIND | WARNING: System reboot pending
2026-08-10 11:42:18,066 | INFO | OPS-MIND | Operations Mind initialized. Cycles run: 3
2026-08-10 11:43:02,260 | INFO | OPS-MIND | Operations Mind initialized. Cycles run: 3
2026-08-10 11:43:02,262 | INFO | OPS-MIND | === OPS MIND CYCLE START ===
2026-08-10 11:43:05,155 | INFO | OPS-MIND | Cycle complete: 6 findings (1 critical, 3 warning, 2 info). Health: 42/100
2026-08-10 11:43:05,155 | WARNING | OPS-MIND | CRITICAL: 5 critical service(s) not running
2026-08-10 11:43:05,155 | INFO | OPS-MIND | WARNING: CPU high at 76.1%
2026-08-10 11:43:05,155 | INFO | OPS-MIND | WARNING: vmmemWSL has accumulated 93179s CPU time
2026-08-10 11:43:05,155 | INFO | OPS-MIND | WARNING: System reboot pending
2026-08-10 11:43:05,158 | INFO | OPS-MIND | Report generated: C:\Users\ArcXN\OneDrive\Desktop\OnenessSystem\memory\ops_mind\reports\report-20260810-164305.json
2026-08-10 11:43:05,170 | INFO | OPS-MIND | Remediations generated: 2 scripts
2026-08-10 11:45:58,848 | INFO | OPS-MIND | Operations Mind initialized. Cycles run: 4
2026-08-10 11:45:58,848 | INFO | OPS-MIND | === OPS MIND CYCLE START ===
2026-08-10 11:46:01,354 | INFO | OPS-MIND | Cycle complete: 4 findings (1 critical, 1 warning, 2 info). Health: 63/100
2026-08-10 11:46:01,354 | WARNING | OPS-MIND | CRITICAL: 3 critical service(s) not running
2026-08-10 11:46:01,354 | INFO | OPS-MIND | WARNING: System reboot pending
2026-08-10 11:47:41,262 | INFO | OPS-MIND | Operations Mind initialized. Cycles run: 5
2026-08-10 11:47:41,263 | INFO | OPS-MIND | === OPS MIND CYCLE START ===
2026-08-10 11:47:45,532 | INFO | OPS-MIND | Cycle complete: 4 findings (1 critical, 1 warning, 2 info). Health: 63/100
2026-08-10 11:47:45,532 | WARNING | OPS-MIND | CRITICAL: 5 critical service(s) not running
2026-08-10 11:47:45,532 | INFO | OPS-MIND | WARNING: System reboot pending
2026-08-10 11:52:37,171 | INFO | OPS-MIND | Operations Mind initialized. Cycles run: 6
2026-08-10 11:52:37,172 | INFO | OPS-MIND | === OPS MIND CYCLE START ===
2026-08-10 11:52:40,231 | INFO | OPS-MIND | Cycle complete: 4 findings (1 critical, 1 warning, 2 info). Health: 63/100
2026-08-10 11:52:40,231 | WARNING | OPS-MIND | CRITICAL: 4 critical service(s) not running
2026-08-10 11:52:40,232 | INFO | OPS-MIND | WARNING: System reboot pending
2026-08-10 11:55:09,182 | INFO | OPS-MIND | Operations Mind initialized. Cycles run: 7
2026-08-10 11:55:09,183 | INFO | OPS-MIND | === OPS MIND CYCLE START ===
2026-08-10 11:55:14,384 | INFO | OPS-MIND | Cycle complete: 4 findings (1 critical, 1 warning, 2 info). Health: 63/100
2026-08-10 11:55:14,384 | WARNING | OPS-MIND | CRITICAL: 4 critical service(s) not running
2026-08-10 11:55:14,384 | INFO | OPS-MIND | WARNING: System reboot pending
2026-08-10 11:55:14,393 | INFO | OPS-MIND | Report generated: C:\Users\ArcXN\OneDrive\Desktop\OnenessSystem\memory\ops_mind\reports\report-20260810-165514.json
2026-08-10 11:55:14,399 | INFO | OPS-MIND | Remediations generated: 2 scripts
2026-08-10 11:57:36,329 | INFO | OPS-MIND | Operations Mind initialized. Cycles run: 8
2026-08-10 11:57:36,330 | INFO | OPS-MIND | === OPS MIND CYCLE START ===
2026-08-10 11:57:39,810 | INFO | OPS-MIND | Cycle complete: 5 findings (1 critical, 2 warning, 2 info). Health: 50/100
2026-08-10 11:57:39,811 | WARNING | OPS-MIND | CRITICAL: 5 critical service(s) not running
2026-08-10 11:57:39,812 | INFO | OPS-MIND | WARNING: CPU high at 86.0%
2026-08-10 11:57:39,812 | INFO | OPS-MIND | WARNING: System reboot pending
2026-08-10 12:02:18,744 | INFO | OPS-MIND | Operations Mind initialized. Cycles run: 9
2026-08-10 12:02:18,744 | INFO | OPS-MIND | === OPS MIND CYCLE START ===
2026-08-10 12:02:22,322 | INFO | OPS-MIND | Cycle complete: 4 findings (1 critical, 1 warning, 2 info). Health: 63/100
2026-08-10 12:02:22,322 | WARNING | OPS-MIND | CRITICAL: 7 critical service(s) not running
2026-08-10 12:02:22,322 | INFO | OPS-MIND | WARNING: System reboot pending
2026-08-10 12:02:36,195 | INFO | OPS-MIND | Operations Mind initialized. Cycles run: 10
2026-08-10 12:02:36,195 | INFO | OPS-MIND | === OPS MIND CYCLE START ===
2026-08-10 12:02:40,001 | INFO | OPS-MIND | Cycle complete: 4 findings (1 critical, 1 warning, 2 info). Health: 63/100
2026-08-10 12:02:40,001 | WARNING | OPS-MIND | CRITICAL: 7 critical service(s) not running
2026-08-10 12:02:40,001 | INFO | OPS-MIND | WARNING: System reboot pending
2026-08-10 12:06:44,575 | INFO | OPS-MIND | Operations Mind initialized. Cycles run: 11
2026-08-10 12:06:48,456 | INFO | OPS-MIND | Operations Mind initialized. Cycles run: 11
2026-08-10 12:06:48,457 | INFO | OPS-MIND | === OPS MIND CYCLE START ===
2026-08-10 12:06:52,060 | INFO | OPS-MIND | Cycle complete: 5 findings (1 critical, 2 warning, 2 info). Health: 50/100
2026-08-10 12:06:52,060 | WARNING | OPS-MIND | CRITICAL: 6 critical service(s) not running
2026-08-10 12:06:52,060 | INFO | OPS-MIND | WARNING: CPU high at 85.6%
2026-08-10 12:06:52,060 | INFO | OPS-MIND | WARNING: System reboot pending
2026-08-10 12:06:52,601 | INFO | OPS-MIND | IFTTT rules fired: 5
2026-08-10 12:06:52,601 | INFO | OPS-MIND |   RULE [CPU High - OneDrive Pause]: CPU at {actual}% - consider pausing OneDrive sync
2026-08-10 12:06:52,601 | INFO | OPS-MIND |   RULE [Reboot Pending - Daily Reminder]: Reboot pending - restart to complete updates
2026-08-10 12:06:52,601 | INFO | OPS-MIND |   RULE [App Missing Alert]: Known app missing - check if needed
2026-08-10 12:06:52,601 | INFO | OPS-MIND |   RULE [Cycle Complete Log]: Operations Mind cycle completed
2026-08-10 12:06:52,601 | INFO | OPS-MIND |   RULE [Refresh Health API]: API call suggested: GET /api/ops-mind/status
2026-08-10 12:06:52,604 | INFO | OPS-MIND | Report generated: C:\Users\ArcXN\OneDrive\Desktop\OnenessSystem\memory\ops_mind\reports\report-20260810-170652.json
2026-08-10 12:06:52,608 | INFO | OPS-MIND | Remediations generated: 2 scripts
2026-08-10 12:07:13,731 | INFO | OPS-MIND | Operations Mind initialized. Cycles run: 12
2026-08-10 12:07:30,111 | INFO | OPS-MIND | Operations Mind initialized. Cycles run: 12
2026-08-10 12:07:30,112 | INFO | OPS-MIND | === OPS MIND CYCLE START ===
2026-08-10 12:07:32,857 | INFO | OPS-MIND | Cycle complete: 5 findings (1 critical, 2 warning, 2 info). Health: 50/100
2026-08-10 12:07:32,858 | WARNING | OPS-MIND | CRITICAL: 6 critical service(s) not running
2026-08-10 12:07:32,858 | INFO | OPS-MIND | WARNING: CPU high at 76.5%
2026-08-10 12:07:32,858 | INFO | OPS-MIND | WARNING: System reboot pending
2026-08-10 12:07:32,860 | INFO | OPS-MIND | IFTTT rules fired: 5
2026-08-10 12:07:32,861 | INFO | OPS-MIND |   RULE [CPU High - OneDrive Pause]: CPU at 76.5% - consider pausing OneDrive sync
2026-08-10 12:07:32,861 | INFO | OPS-MIND |   RULE [Reboot Pending - Daily Reminder]: Reboot pending - restart to complete updates
2026-08-10 12:07:32,861 | INFO | OPS-MIND |   RULE [App Missing Alert]: Known app missing - check if needed
2026-08-10 12:07:32,861 | INFO | OPS-MIND |   RULE [Cycle Complete Log]: Operations Mind cycle completed
2026-08-10 12:07:32,861 | INFO | OPS-MIND |   RULE [Refresh Health API]: API call suggested: GET /api/ops-mind/status
2026-08-10 12:07:36,485 | INFO | OPS-MIND | Operations Mind initialized. Cycles run: 13
2026-08-10 12:07:36,488 | INFO | OPS-MIND | === OPS MIND CYCLE START ===
